###############################################################################
#
# IAR ELF Linker V8.22.1.15669/W32 for ARM                14/Aug/2018  09:56:36
# Copyright 2007-2018 IAR Systems AB.
#
#    Output file  =  
#        C:\Users\dungh\Desktop\KL46Z256_Freedom\1
#        doccuments\boards\frdmkl46z\driver_examples\pit\iar\debug\pit.out
#    Map file     =  
#        C:\Users\dungh\Desktop\KL46Z256_Freedom\1
#        doccuments\boards\frdmkl46z\driver_examples\pit\iar\debug\list\pit.map
#    Command line =  
#        -f C:\Users\dungh\AppData\Local\Temp\EW2875.tmp
#        ("C:\Users\dungh\Desktop\KL46Z256_Freedom\1
#        doccuments\boards\frdmkl46z\driver_examples\pit\iar\debug\obj\board.o"
#        "C:\Users\dungh\Desktop\KL46Z256_Freedom\1
#        doccuments\boards\frdmkl46z\driver_examples\pit\iar\debug\obj\clock_config.o"
#        "C:\Users\dungh\Desktop\KL46Z256_Freedom\1
#        doccuments\boards\frdmkl46z\driver_examples\pit\iar\debug\obj\fsl_assert.o"
#        "C:\Users\dungh\Desktop\KL46Z256_Freedom\1
#        doccuments\boards\frdmkl46z\driver_examples\pit\iar\debug\obj\fsl_clock.o"
#        "C:\Users\dungh\Desktop\KL46Z256_Freedom\1
#        doccuments\boards\frdmkl46z\driver_examples\pit\iar\debug\obj\fsl_common.o"
#        "C:\Users\dungh\Desktop\KL46Z256_Freedom\1
#        doccuments\boards\frdmkl46z\driver_examples\pit\iar\debug\obj\fsl_debug_console.o"
#        "C:\Users\dungh\Desktop\KL46Z256_Freedom\1
#        doccuments\boards\frdmkl46z\driver_examples\pit\iar\debug\obj\fsl_ftfx_cache.o"
#        "C:\Users\dungh\Desktop\KL46Z256_Freedom\1
#        doccuments\boards\frdmkl46z\driver_examples\pit\iar\debug\obj\fsl_ftfx_controller.o"
#        "C:\Users\dungh\Desktop\KL46Z256_Freedom\1
#        doccuments\boards\frdmkl46z\driver_examples\pit\iar\debug\obj\fsl_ftfx_flash.o"
#        "C:\Users\dungh\Desktop\KL46Z256_Freedom\1
#        doccuments\boards\frdmkl46z\driver_examples\pit\iar\debug\obj\fsl_ftfx_flexnvm.o"
#        "C:\Users\dungh\Desktop\KL46Z256_Freedom\1
#        doccuments\boards\frdmkl46z\driver_examples\pit\iar\debug\obj\fsl_gpio.o"
#        "C:\Users\dungh\Desktop\KL46Z256_Freedom\1
#        doccuments\boards\frdmkl46z\driver_examples\pit\iar\debug\obj\fsl_io.o"
#        "C:\Users\dungh\Desktop\KL46Z256_Freedom\1
#        doccuments\boards\frdmkl46z\driver_examples\pit\iar\debug\obj\fsl_log.o"
#        "C:\Users\dungh\Desktop\KL46Z256_Freedom\1
#        doccuments\boards\frdmkl46z\driver_examples\pit\iar\debug\obj\fsl_lpsci.o"
#        "C:\Users\dungh\Desktop\KL46Z256_Freedom\1
#        doccuments\boards\frdmkl46z\driver_examples\pit\iar\debug\obj\fsl_pit.o"
#        "C:\Users\dungh\Desktop\KL46Z256_Freedom\1
#        doccuments\boards\frdmkl46z\driver_examples\pit\iar\debug\obj\fsl_smc.o"
#        "C:\Users\dungh\Desktop\KL46Z256_Freedom\1
#        doccuments\boards\frdmkl46z\driver_examples\pit\iar\debug\obj\fsl_str.o"
#        "C:\Users\dungh\Desktop\KL46Z256_Freedom\1
#        doccuments\boards\frdmkl46z\driver_examples\pit\iar\debug\obj\fsl_uart.o"
#        "C:\Users\dungh\Desktop\KL46Z256_Freedom\1
#        doccuments\boards\frdmkl46z\driver_examples\pit\iar\debug\obj\pin_mux.o"
#        "C:\Users\dungh\Desktop\KL46Z256_Freedom\1
#        doccuments\boards\frdmkl46z\driver_examples\pit\iar\debug\obj\pit.o"
#        "C:\Users\dungh\Desktop\KL46Z256_Freedom\1
#        doccuments\boards\frdmkl46z\driver_examples\pit\iar\debug\obj\startup_MKL46Z4.o"
#        "C:\Users\dungh\Desktop\KL46Z256_Freedom\1
#        doccuments\boards\frdmkl46z\driver_examples\pit\iar\debug\obj\system_MKL46Z4.o"
#        --redirect _Printf=_PrintfSmallNoMb --redirect _Scanf=_ScanfSmallNoMb
#        -o "C:\Users\dungh\Desktop\KL46Z256_Freedom\1
#        doccuments\boards\frdmkl46z\driver_examples\pit\iar\debug\pit.out"
#        --map "C:\Users\dungh\Desktop\KL46Z256_Freedom\1
#        doccuments\boards\frdmkl46z\driver_examples\pit\iar\debug\list\pit.map"
#        --config "C:\Users\dungh\Desktop\KL46Z256_Freedom\1
#        doccuments\boards\frdmkl46z\driver_examples\pit\iar/MKL46Z256xxx4_flash.icf"
#        --semihosting --entry __iar_program_start --vfe --text_out locale)
#
###############################################################################

*******************************************************************************
*** RUNTIME MODEL ATTRIBUTES
***

CppFlavor       = *
__Heap_Handler  = DLMalloc
__SystemLibrary = DLib
__dlib_version  = 6


*******************************************************************************
*** HEAP SELECTION
***

The advanced heap was selected because the application calls memory
allocation functions outside of system library functions, and there
are calls to deallocation functions in the application.


*******************************************************************************
*** PLACEMENT SUMMARY
***

"A0":  place at 0x00000000 { ro section .intvec };
"P1":  place in [from 0x00000400 to 0x0000040f] { section FlashConfig };
"P2":  place in [from 0x00000000 to 0x000001ff] |
                [from 0x00000410 to 0x0003ffff] { ro };
define block RW { rw };
"P3":  place in [from 0x1fffe000 to 0x20005bff] { block RW };
define block ZI { zi };
"P4":  place in [from 0x1fffe000 to 0x20005bff] { block ZI };
define block CSTACK with size = 1K, alignment = 8 { };
"P6":  place in [from 0x20005c00 to 0x20005fff] { block CSTACK };
initialize by copy { rw, section .textrw };

  Section            Kind        Address    Size  Object
  -------            ----        -------    ----  ------
"A0":                                       0xc0
  .intvec            ro code  0x00000000    0xc0  startup_MKL46Z4.o [1]
                            - 0x000000c0    0xc0

"P2", part 1 of 2:                           0x0
  .rodata            const    0x000000c0     0x0  zero_init3.o [4]
  .rodata            const    0x000000c0     0x0  copy_init3.o [4]

"P1":                                       0x10
  FlashConfig        ro code  0x00000400    0x10  startup_MKL46Z4.o [1]
                            - 0x00000410    0x10

"P2", part 2 of 2:                        0x1dc0
  .text              ro code  0x00000410   0x650  fsl_clock.o [1]
  .text              ro code  0x00000a60    0x1c  fsl_assert.o [1]
  .text              ro code  0x00000a7c    0xe0  I32DivModFast.o [4]
  .text              ro code  0x00000b5c    0xb0  fsl_debug_console.o [1]
  .text              ro code  0x00000c0c     0x2  IntDivZer.o [4]
  .text              ro code  0x00000c0e     0x2  startup_MKL46Z4.o [1]
  .text              ro code  0x00000c10    0x80  fsl_log.o [1]
  .text              ro code  0x00000c90    0x34  ABImemset.o [4]
  .text              ro code  0x00000cc4   0x318  fsl_str.o [1]
  .text              ro code  0x00000fdc   0x188  fsl_io.o [1]
  .text              ro code  0x00001164    0x10  strlen.o [4]
  .text              ro code  0x00001174   0x2ac  fsl_uart.o [1]
  .text              ro code  0x00001420   0x36c  fsl_lpsci.o [1]
  .text              ro code  0x0000178c   0x1c0  pit.o [1]
  .text              ro code  0x0000194c    0x8c  pin_mux.o [1]
  .text              ro code  0x000019d8    0x90  clock_config.o [1]
  .text              ro code  0x00001a68    0x44  board.o [1]
  .text              ro code  0x00001aac    0xa4  fsl_pit.o [1]
  .text              ro code  0x00001b50    0x32  I64Mul.o [4]
  .text              ro code  0x00001b82    0x6a  I64DivMod.o [4]
  .text              ro code  0x00001bec     0x2  I64DivZer.o [4]
  .text              ro code  0x00001bee     0x2  startup_MKL46Z4.o [1]
  .rodata            const    0x00001bf0    0x90  pit.o [1]
  .rodata            const    0x00001c80    0x64  fsl_debug_console.o [1]
  .rodata            const    0x00001ce4    0x60  fsl_log.o [1]
  .rodata            const    0x00001d44    0x5c  fsl_clock.o [1]
  .rodata            const    0x00001da0    0x5c  fsl_io.o [1]
  .rodata            const    0x00001dfc    0x5c  fsl_lpsci.o [1]
  .rodata            const    0x00001e58    0x58  fsl_pit.o [1]
  .rodata            const    0x00001eb0    0x58  fsl_uart.o [1]
  .text              ro code  0x00001f08    0x3c  zero_init3.o [4]
  .text              ro code  0x00001f44    0x30  copy_init3.o [4]
  .rodata            const    0x00001f74    0x2c  fsl_assert.o [1]
  .rodata            const    0x00001fa0    0x28  pit.o [1]
  .text              ro code  0x00001fc8    0x28  startup_MKL46Z4.o [1]
  .text              ro code  0x00001ff0    0x28  data_init.o [4]
  .iar.init_table    const    0x00002018    0x24  - Linker created -
  .text              ro code  0x0000203c    0x1e  cmain.o [4]
  .text              ro code  0x0000205a     0x4  low_level_init.o [3]
  .text              ro code  0x0000205e     0x8  exit.o [3]
  .text              ro code  0x00002066     0x2  startup_MKL46Z4.o [1]
  .text              ro code  0x00002068     0xa  cexit.o [4]
  .text              ro code  0x00002072     0x2  startup_MKL46Z4.o [1]
  .text              ro code  0x00002074    0x14  exit.o [5]
  .rodata            const    0x00002088    0x1c  pit.o [1]
  .text              ro code  0x000020a4    0x16  system_MKL46Z4.o [1]
  .text              ro code  0x000020ba     0x2  startup_MKL46Z4.o [1]
  .rodata            const    0x000020bc    0x10  fsl_clock.o [1]
  .rodata            const    0x000020cc     0xc  clock_config.o [1]
  .rodata            const    0x000020d8     0xc  fsl_uart.o [1]
  .rodata            const    0x000020e4     0xc  fsl_uart.o [1]
  .text              ro code  0x000020f0     0xc  cstartup_M.o [4]
  Initializer bytes  const    0x000020fc     0xc  <for RW-1>
  .rodata            const    0x00002108     0x8  clock_config.o [1]
  .rodata            const    0x00002110     0x8  clock_config.o [1]
  .rodata            const    0x00002118     0x8  fsl_clock.o [1]
  .rodata            const    0x00002120     0x8  fsl_debug_console.o [1]
  .rodata            const    0x00002128     0x8  fsl_io.o [1]
  .rodata            const    0x00002130     0x8  fsl_log.o [1]
  .rodata            const    0x00002138     0x8  fsl_lpsci.o [1]
  .rodata            const    0x00002140     0x8  fsl_pit.o [1]
  .rodata            const    0x00002148     0x8  fsl_uart.o [1]
  .rodata            const    0x00002150     0x8  pit.o [1]
  .text              ro code  0x00002158     0x8  startup_MKL46Z4.o [1]
  .text              ro code  0x00002160     0x8  startup_MKL46Z4.o [1]
  .text              ro code  0x00002168     0x8  startup_MKL46Z4.o [1]
  .text              ro code  0x00002170     0x8  startup_MKL46Z4.o [1]
  .text              ro code  0x00002178     0x8  startup_MKL46Z4.o [1]
  .text              ro code  0x00002180     0x8  startup_MKL46Z4.o [1]
  .text              ro code  0x00002188     0x8  startup_MKL46Z4.o [1]
  .text              ro code  0x00002190     0x8  startup_MKL46Z4.o [1]
  .text              ro code  0x00002198     0x8  startup_MKL46Z4.o [1]
  .text              ro code  0x000021a0     0x8  startup_MKL46Z4.o [1]
  .text              ro code  0x000021a8     0x8  startup_MKL46Z4.o [1]
  .text              ro code  0x000021b0     0x8  startup_MKL46Z4.o [1]
  .text              ro code  0x000021b8     0x8  startup_MKL46Z4.o [1]
  .rodata            const    0x000021c0     0x4  fsl_lpsci.o [1]
  .rodata            const    0x000021c4     0x4  fsl_lpsci.o [1]
  .rodata            const    0x000021c8     0x4  fsl_pit.o [1]
  .rodata            const    0x000021cc     0x4  fsl_pit.o [1]
                            - 0x000021d0  0x1dc0

"P3-P4", part 1 of 2:                        0xc
  RW                          0x1fffe000     0xc  <Block>
    RW-1                      0x1fffe000     0xc  <Init block>
      .data          inited   0x1fffe000     0x4  fsl_clock.o [1]
      .data          inited   0x1fffe004     0x4  fsl_clock.o [1]
      .data          inited   0x1fffe008     0x4  system_MKL46Z4.o [1]
                            - 0x1fffe00c     0xc

"P3-P4", part 2 of 2:                       0x2c
  ZI                          0x1fffe00c    0x2c  <Block>
    .bss             zero     0x1fffe00c     0x4  fsl_clock.o [1]
    .bss             zero     0x1fffe010     0x4  fsl_clock.o [1]
    .bss             zero     0x1fffe014     0x8  fsl_io.o [1]
    .bss             zero     0x1fffe01c     0x4  fsl_lpsci.o [1]
    .bss             zero     0x1fffe020     0x4  fsl_lpsci.o [1]
    .bss             zero     0x1fffe024     0xc  fsl_uart.o [1]
    .bss             zero     0x1fffe030     0x4  fsl_uart.o [1]
    .bss             zero     0x1fffe034     0x1  pit.o [1]
                            - 0x1fffe038    0x2c

"P6":                                      0x400
  CSTACK                      0x20005c00   0x400  <Block>
    CSTACK           uninit   0x20005c00   0x400  <Block tail>
                            - 0x20006000   0x400


*******************************************************************************
*** INIT TABLE
***

          Address     Size
          -------     ----
Zero (__iar_zero_init3)
    1 destination range, total size 0x29:
          0x1fffe00c  0x29

Copy (__iar_copy_init3)
    1 source range, total size 0xc:
          0x000020fc   0xc
    1 destination range, total size 0xc:
          0x1fffe000   0xc



*******************************************************************************
*** MODULE SUMMARY
***

    Module               ro code  ro data  rw data
    ------               -------  -------  -------
C:\Users\dungh\Desktop\KL46Z256_Freedom\1 doccuments\boards\frdmkl46z\driver_examples\pit\iar\debug\obj: [1]
    board.o                   68
    clock_config.o           144       28
    fsl_assert.o              28       44
    fsl_clock.o            1 616      124       16
    fsl_debug_console.o      176      108
    fsl_io.o                 392      100        8
    fsl_log.o                128      104
    fsl_lpsci.o              876      108        8
    fsl_pit.o                164      104
    fsl_str.o                792
    fsl_uart.o               684      120       16
    pin_mux.o                140
    pit.o                    448      220        1
    startup_MKL46Z4.o        362
    system_MKL46Z4.o          22        4        4
    ----------------------------------------------
    Total:                 6 040    1 064       53

command line: [2]
    ----------------------------------------------
    Total:

dl6M_tln.a: [3]
    exit.o                     8
    low_level_init.o           4
    ----------------------------------------------
    Total:                    12

rt6M_tl.a: [4]
    ABImemset.o               52
    I32DivModFast.o          224
    I64DivMod.o              106
    I64DivZer.o                2
    I64Mul.o                  50
    IntDivZer.o                2
    cexit.o                   10
    cmain.o                   30
    copy_init3.o              48
    cstartup_M.o              12
    data_init.o               40
    strlen.o                  16
    zero_init3.o              60
    ----------------------------------------------
    Total:                   652

shb_l.a: [5]
    exit.o                    20
    ----------------------------------------------
    Total:                    20

    Linker created                     36    1 024
--------------------------------------------------
    Grand Total:           6 724    1 100    1 077


*******************************************************************************
*** ENTRY LIST
***

Entry                      Address   Size  Type      Object
-----                      -------   ----  ----      ------
.iar.init_table$$Base   0x00002018          --   Gb  - Linker created -
.iar.init_table$$Limit  0x0000203c          --   Gb  - Linker created -
?main                   0x0000203d         Code  Gb  cmain.o [4]
BOARD_BootClockRUN      0x000019fd   0x44  Code  Gb  clock_config.o [1]
BOARD_InitDebugConsole  0x00001a81   0x1e  Code  Gb  board.o [1]
BOARD_InitPins          0x00001983   0x3a  Code  Gb  pin_mux.o [1]
CLOCK_BootToPeeMode     0x000009fd   0x4c  Code  Gb  fsl_clock.o [1]
CLOCK_CONFIG_SetFllExtRefDiv
                        0x000019e7   0x16  Code  Lc  clock_config.o [1]
CLOCK_EnableClock       0x00001421   0x12  Code  Lc  fsl_lpsci.o [1]
CLOCK_EnableClock       0x00001aad   0x12  Code  Lc  fsl_pit.o [1]
CLOCK_EnableClock       0x00001175   0x12  Code  Lc  fsl_uart.o [1]
CLOCK_EnableClock       0x0000194d   0x12  Code  Lc  pin_mux.o [1]
CLOCK_EnablePll0        0x000008ad   0x54  Code  Gb  fsl_clock.o [1]
CLOCK_GetEr32kClkFreq   0x00000567   0x58  Code  Gb  fsl_clock.o [1]
CLOCK_GetFixedFreqClkFreq
                        0x00000779   0x1e  Code  Gb  fsl_clock.o [1]
CLOCK_GetFllExtRefClkFreq
                        0x00000479   0x5a  Code  Lc  fsl_clock.o [1]
CLOCK_GetFllFreq        0x00000719   0x48  Code  Gb  fsl_clock.o [1]
CLOCK_GetFllFreq::fllFactorTable
                        0x000020bc   0x10  Data  Lc  fsl_clock.o [1]
CLOCK_GetFllRefClkFreq  0x000004f7   0x1e  Code  Lc  fsl_clock.o [1]
CLOCK_GetFreq           0x00000605   0x9e  Code  Gb  fsl_clock.o [1]
CLOCK_GetInternalRefClkFreq
                        0x00000761   0x14  Code  Gb  fsl_clock.o [1]
CLOCK_GetInternalRefClkSelectFreq
                        0x000004d3   0x24  Code  Lc  fsl_clock.o [1]
CLOCK_GetMcgExtClkFreq  0x0000045b   0x1e  Code  Lc  fsl_clock.o [1]
CLOCK_GetOsc0ErClkFreq  0x0000053b   0x2c  Code  Gb  fsl_clock.o [1]
CLOCK_GetOscRangeFromFreq
                        0x0000051d   0x1e  Code  Lc  fsl_clock.o [1]
CLOCK_GetOutClkFreq     0x000006d9   0x38  Code  Gb  fsl_clock.o [1]
CLOCK_GetPll0Freq       0x00000797   0x48  Code  Gb  fsl_clock.o [1]
CLOCK_GetPll0RefFreq    0x00000515    0x8  Code  Lc  fsl_clock.o [1]
CLOCK_GetPllFllSelClkFreq
                        0x000005bf   0x28  Code  Gb  fsl_clock.o [1]
CLOCK_InitOsc0          0x00000921   0x4c  Code  Gb  fsl_clock.o [1]
CLOCK_SetEr32kClock     0x00000411   0x18  Code  Lc  fsl_clock.o [1]
CLOCK_SetExternalRefClkConfig
                        0x000007e5    0x6  Code  Gb  fsl_clock.o [1]
CLOCK_SetInternalRefClkConfig
                        0x000007eb   0xb4  Code  Gb  fsl_clock.o [1]
CLOCK_SetLpsci0Clock    0x00001a69   0x18  Code  Lc  board.o [1]
CLOCK_SetPbeMode        0x00000979   0x76  Code  Gb  fsl_clock.o [1]
CLOCK_SetPllFllSelClock
                        0x00000429   0x18  Code  Lc  fsl_clock.o [1]
CLOCK_SetSimConfig      0x000006a9   0x18  Code  Gb  fsl_clock.o [1]
CLOCK_SetSimSafeDivs    0x000019d9    0x8  Code  Lc  clock_config.o [1]
CLOCK_SetXtal0Freq      0x000019e1    0x6  Code  Lc  clock_config.o [1]
CSTACK$$Base            0x20005c00          --   Gb  - Linker created -
CSTACK$$Limit           0x20006000          --   Gb  - Linker created -
ConvertRadixNumToString
                        0x00000cc5   0xc2  Code  Lc  fsl_str.o [1]
DbgConsole_Init         0x00000b5d   0x30  Code  Gb  fsl_debug_console.o [1]
DbgConsole_Printf       0x00000b8d   0x38  Code  Gb  fsl_debug_console.o [1]
DbgConsole_RelocateLog  0x00000bd5   0x38  Code  Lc  fsl_debug_console.o [1]
EnableIRQ               0x000017a5   0x20  Code  Lc  pit.o [1]
GPIO_PinWrite           0x000017c5   0x1a  Code  Lc  pit.o [1]
GPIO_PortToggle         0x000017df    0x4  Code  Lc  pit.o [1]
IO_Init                 0x00001055   0x92  Code  Gb  fsl_io.o [1]
IO_Transfer             0x000010e7   0x6e  Code  Gb  fsl_io.o [1]
LOG_Init                0x00000c11   0x20  Code  Gb  fsl_log.o [1]
LOG_Pop                 0x00000c55   0x32  Code  Gb  fsl_log.o [1]
LOG_Push                0x00000c31   0x24  Code  Gb  fsl_log.o [1]
LPSCI_ClearStatusFlags  0x0000163b   0x50  Code  Gb  fsl_lpsci.o [1]
LPSCI_EnableRx          0x00001037   0x1e  Code  Lc  fsl_io.o [1]
LPSCI_EnableTx          0x00001019   0x1e  Code  Lc  fsl_io.o [1]
LPSCI_GetDefaultConfig  0x000015e3   0x34  Code  Gb  fsl_lpsci.o [1]
LPSCI_GetInstance       0x00001433   0x30  Code  Gb  fsl_lpsci.o [1]
LPSCI_GetStatusFlags    0x0000162d    0xe  Code  Gb  fsl_lpsci.o [1]
LPSCI_Init              0x00001463  0x180  Code  Gb  fsl_lpsci.o [1]
LPSCI_ReadBlocking      0x000016c9   0x80  Code  Gb  fsl_lpsci.o [1]
LPSCI_WriteBlocking     0x00001691   0x32  Code  Gb  fsl_lpsci.o [1]
OSC_SetCapLoad          0x0000044f    0xc  Code  Lc  fsl_clock.o [1]
OSC_SetExtRefClkConfig  0x00000441    0xe  Code  Lc  fsl_clock.o [1]
PIT_ClearStatusFlags    0x00001827   0x16  Code  Lc  pit.o [1]
PIT_EnableInterrupts    0x000017ff   0x28  Code  Lc  pit.o [1]
PIT_GetDefaultConfig    0x000017e3   0x1c  Code  Lc  pit.o [1]
PIT_GetInstance         0x00001abf   0x30  Code  Lc  fsl_pit.o [1]
PIT_IRQHandler          0x0000187d   0x14  Code  Gb  pit.o [1]
PIT_Init                0x00001aef   0x4c  Code  Gb  fsl_pit.o [1]
PIT_SetTimerPeriod      0x0000183d   0x16  Code  Lc  pit.o [1]
PIT_StartTimer          0x00001853   0x2a  Code  Lc  pit.o [1]
PORT_SetPinMux          0x0000195f   0x24  Code  Lc  pin_mux.o [1]
RW$$Base                0x1fffe000          --   Gb  - Linker created -
RW$$Limit               0x1fffe00c          --   Gb  - Linker created -
Region$$Table$$Base     0x00002018          --   Gb  - Linker created -
Region$$Table$$Limit    0x0000203c          --   Gb  - Linker created -
StrFormatPrintf         0x00000d87  0x256  Code  Gb  fsl_str.o [1]
SystemCoreClock         0x1fffe008    0x4  Data  Gb  system_MKL46Z4.o [1]
SystemInit              0x000020a5    0xe  Code  Gb  system_MKL46Z4.o [1]
UART0_DriverIRQHandler  0x0000176d   0x10  Code  Gb  fsl_lpsci.o [1]
UART1_DriverIRQHandler  0x000013ed   0x10  Code  Gb  fsl_uart.o [1]
UART2_DriverIRQHandler  0x000013fd   0x10  Code  Gb  fsl_uart.o [1]
UART_EnableRx           0x00000ffb   0x1e  Code  Lc  fsl_io.o [1]
UART_EnableTx           0x00000fdd   0x1e  Code  Lc  fsl_io.o [1]
UART_GetDefaultConfig   0x000012f7   0x34  Code  Gb  fsl_uart.o [1]
UART_GetInstance        0x00001187   0x32  Code  Gb  fsl_uart.o [1]
UART_GetStatusFlags     0x0000133d    0xe  Code  Gb  fsl_uart.o [1]
UART_Init               0x000011b9  0x13e  Code  Gb  fsl_uart.o [1]
UART_ReadBlocking       0x0000136b   0x5e  Code  Gb  fsl_uart.o [1]
UART_WriteBlocking      0x00001351   0x1a  Code  Gb  fsl_uart.o [1]
ZI$$Base                0x1fffe00c          --   Gb  - Linker created -
ZI$$Limit               0x1fffe038          --   Gb  - Linker created -
__NVIC_EnableIRQ        0x0000178d   0x18  Code  Lc  pit.o [1]
__Vectors               0x00000000          --   Gb  startup_MKL46Z4.o [1]
__Vectors_End           0x000000c0         Data  Gb  startup_MKL46Z4.o [1]
__Vectors_Size {Abs}    0x000000c0          --   Gb  startup_MKL46Z4.o [1]
__aeabi_assert          0x00000a61   0x1c  Code  Gb  fsl_assert.o [1]
__aeabi_idiv            0x00000aa9         Code  Gb  I32DivModFast.o [4]
__aeabi_idiv0           0x00000c0d         Code  Gb  IntDivZer.o [4]
__aeabi_idivmod         0x00000aa9         Code  Gb  I32DivModFast.o [4]
__aeabi_ldiv0           0x00001bed         Code  Gb  I64DivZer.o [4]
__aeabi_lmul            0x00001b51         Code  Gb  I64Mul.o [4]
__aeabi_memclr4         0x00000cc1         Code  Gb  ABImemset.o [4]
__aeabi_memclr8         0x00000cc1         Code  Gb  ABImemset.o [4]
__aeabi_uidiv           0x00000aaf         Code  Gb  I32DivModFast.o [4]
__aeabi_uidivmod        0x00000aaf         Code  Gb  I32DivModFast.o [4]
__aeabi_uldivmod        0x00001b83         Code  Gb  I64DivMod.o [4]
__cmain                 0x0000203d         Code  Gb  cmain.o [4]
__exit                  0x00002075   0x14  Code  Gb  exit.o [5]
__iar_Memset4_word      0x00000c91         Code  Gb  ABImemset.o [4]
__iar_copy_init3        0x00001f45   0x30  Code  Gb  copy_init3.o [4]
__iar_data_init3        0x00001ff1   0x28  Code  Gb  data_init.o [4]
__iar_program_start     0x000020f1         Code  Gb  cstartup_M.o [4]
__iar_systems$$module {Abs}
                        0x00000001         Data  Gb  command line/config [2]
__iar_zero_init3        0x00001f09   0x3c  Code  Gb  zero_init3.o [4]
__low_level_init        0x0000205b    0x4  Code  Gb  low_level_init.o [3]
__vector_table          0x00000000         Data  Gb  startup_MKL46Z4.o [1]
__vector_table_0x1c     0x0000001c         Data  Gb  startup_MKL46Z4.o [1]
_call_main              0x00002049         Code  Gb  cmain.o [4]
_exit                   0x00002069         Code  Gb  cexit.o [4]
_main                   0x00002057         Code  Gb  cmain.o [4]
exit                    0x0000205f    0x8  Code  Gb  exit.o [3]
g_xtal0Freq             0x1fffe00c    0x4  Data  Gb  fsl_clock.o [1]
g_xtal32Freq            0x1fffe010    0x4  Data  Gb  fsl_clock.o [1]
main                    0x00001891   0x94  Code  Gb  pit.o [1]
mcgConfig_BOARD_BootClockRUN
                        0x000020cc    0xc  Data  Gb  clock_config.o [1]
oscConfig_BOARD_BootClockRUN
                        0x00002110    0x8  Data  Gb  clock_config.o [1]
pitIsrFlag              0x1fffe034    0x1  Data  Gb  pit.o [1]
s_debugConsoleIO        0x1fffe014    0x8  Data  Lc  fsl_io.o [1]
s_fastIrcFreq           0x1fffe004    0x4  Data  Lc  fsl_clock.o [1]
s_lpsciBases            0x000021c0    0x4  Data  Lc  fsl_lpsci.o [1]
s_lpsciClock            0x000021c4    0x4  Data  Lc  fsl_lpsci.o [1]
s_lpsciHandle           0x1fffe01c    0x4  Data  Lc  fsl_lpsci.o [1]
s_lpsciIsr              0x1fffe020    0x4  Data  Lc  fsl_lpsci.o [1]
s_pitBases              0x000021c8    0x4  Data  Lc  fsl_pit.o [1]
s_pitClocks             0x000021cc    0x4  Data  Lc  fsl_pit.o [1]
s_slowIrcFreq           0x1fffe000    0x4  Data  Lc  fsl_clock.o [1]
s_uartBases             0x000020d8    0xc  Data  Lc  fsl_uart.o [1]
s_uartClock             0x000020e4    0xc  Data  Lc  fsl_uart.o [1]
s_uartHandle            0x1fffe024    0xc  Data  Lc  fsl_uart.o [1]
s_uartIsr               0x1fffe030    0x4  Data  Lc  fsl_uart.o [1]
simConfig_BOARD_BootClockRUN
                        0x00002108    0x8  Data  Gb  clock_config.o [1]
strlen                  0x00001165   0x10  Code  Gb  strlen.o [4]


[1] = C:\Users\dungh\Desktop\KL46Z256_Freedom\1 doccuments\boards\frdmkl46z\driver_examples\pit\iar\debug\obj
[2] = command line
[3] = dl6M_tln.a
[4] = rt6M_tl.a
[5] = shb_l.a

  6 724 bytes of readonly  code memory
  1 100 bytes of readonly  data memory
  1 077 bytes of readwrite data memory

Errors: none
Warnings: none
